******************************************************************************
                  TI ARM Linker PC v20.2.7                     
******************************************************************************
>> Linked Wed Sep 18 19:38:11 2024

OUTPUT FILE NAME:   <lab_2.out>
ENTRY POINT SYMBOL: "_c_int00_noargs"  address: 000038b1


MEMORY CONFIGURATION

         name            origin    length      used     unused   attr    fill
----------------------  --------  ---------  --------  --------  ----  --------
  FLASH                 00000000   00040000  00003c46  0003c3ba  R  X
  SRAM                  20000000   00008000  00000f49  000070b7  RW X


SEGMENT ALLOCATION MAP

run origin  load origin   length   init length attrs members
----------  ----------- ---------- ----------- ----- -------
00000000    00000000    00003c48   00003c48    r-x
  00000000    00000000    0000026c   0000026c    r-- .intvecs
  0000026c    0000026c    00003864   00003864    r-x .text
  00003ad0    00003ad0    00000126   00000126    r-- .const
  00003bf8    00003bf8    00000050   00000050    r-- .cinit
20000000    20000000    00000f4d   00000000    rw-
  20000000    20000000    0000026c   00000000    rw- .vtable
  20000270    20000270    00000800   00000000    rw- .stack
  20000a70    20000a70    00000400   00000000    rw- .sysmem
  20000e70    20000e70    000000a4   00000000    rw- .bss
  20000f14    20000f14    00000039   00000000    rw- .data


SECTION ALLOCATION MAP

 output                                  attributes/
section   page    origin      length       input sections
--------  ----  ----------  ----------   ----------------
.intvecs   0    00000000    0000026c     
                  00000000    0000026c     tm4c1233h6pm_startup_ccs.obj (.intvecs)

.text      0    0000026c    00003864     
                  0000026c    00000c20     open_interface.obj (.text)
                  00000e8c    00000a4e     rtsv7M4_T_le_v4SPD16_eabi.lib : _printfi.c.obj (.text:__TI_printfi)
                  000018da    00000002                                   : _lock.c.obj (.text:_nop)
                  000018dc    00000328     lcd.obj (.text)
                  00001c04    00000270     rtsv7M4_T_le_v4SPD16_eabi.lib : _printfi.c.obj (.text:_pconv_a)
                  00001e74    00000260     movment.obj (.text)
                  000020d4    00000248     Timer.obj (.text)
                  0000231c    000001d0     rtsv7M4_T_le_v4SPD16_eabi.lib : _printfi.c.obj (.text:_pconv_g)
                  000024ec    000001b6                                   : fd_add_t2.asm.obj (.text)
                  000026a2    00000002                                   : div0.asm.obj (.text)
                  000026a4    0000015c     libcybotUART.lib : uart.obj (.text)
                  00002800    0000013c     rtsv7M4_T_le_v4SPD16_eabi.lib : _printfi.c.obj (.text:_pconv_e)
                  0000293c    00000136                                   : fd_div_t2.asm.obj (.text)
                  00002a72    00000002     --HOLE-- [fill = 0]
                  00002a74    00000124                                   : _printfi.c.obj (.text:fcvt)
                  00002b98    00000110                                   : s_scalbn.c.obj (.text:scalbn)
                  00002ca8    00000100                                   : memory.c.obj (.text:aligned_alloc)
                  00002da8    000000fc                                   : fd_mul_t2.asm.obj (.text)
                  00002ea4    000000e4                                   : memory.c.obj (.text:free)
                  00002f88    000000b1                                   : _printfi.c.obj (.text:_ltostr)
                  00003039    00000003     --HOLE-- [fill = 0]
                  0000303c    000000ac     lab2.obj (.text)
                  000030e8    0000009c     rtsv7M4_T_le_v4SPD16_eabi.lib : memcpy_t2.asm.obj (.text)
                  00003184    00000096                                   : ull_div_t2.asm.obj (.text)
                  0000321a    00000086                                   : fd_cmp_t2.asm.obj (.text:__aeabi_cdcmple)
                  000032a0    00000086                                   : fd_cmp_t2.asm.obj (.text:__aeabi_cdrcmple)
                  00003326    0000007a                                   : memset_t2.asm.obj (.text)
                  000033a0    00000070                                   : memory.c.obj (.text:split)
                  00003410    0000006e                                   : _printfi.c.obj (.text:_mcpy)
                  0000347e    0000006e                                   : fd_tos_t2.asm.obj (.text)
                  000034ec    00000068                                   : copy_decompress_lzss.c.obj (.text:decompress:lzss:__TI_decompress_lzss)
                  00003554    00000064                                   : s_frexp.c.obj (.text:frexp)
                  000035b8    00000056                                   : _printfi.c.obj (.text:_pconv_f)
                  0000360e    00000054                                   : _ltoa.c.obj (.text:__TI_ltoa)
                  00003662    00000052                                   : _printfi.c.obj (.text:_ecpy)
                  000036b4    0000004c                                   : atoi.c.obj (.text:atoi)
                  00003700    00000048                                   : fd_toi_t2.asm.obj (.text)
                  00003748    00000044                                   : autoinit.c.obj (.text:__TI_auto_init_nobinit_nopinit:__TI_auto_init_nobinit_nopinit)
                  0000378c    00000040                                   : vsnprintf.c.obj (.text:vsnprintf)
                  000037cc    0000003e                                   : _printfi.c.obj (.text:_fcpy)
                  0000380a    00000002     --HOLE-- [fill = 0]
                  0000380c    00000038                                   : memory.c.obj (.text:calloc)
                  00003844    00000038                                   : fs_tod_t2.asm.obj (.text)
                  0000387c    00000034     driverlib.lib : interrupt.obj (.text:IntRegister)
                  000038b0    00000034     rtsv7M4_T_le_v4SPD16_eabi.lib : boot_cortex_m.c.obj (.text:_c_int00_noargs:_c_int00_noargs)
                  000038e4    00000030                                   : vsnprintf.c.obj (.text:_outs)
                  00003914    0000002e                                   : i_tofd_t2.asm.obj (.text)
                  00003942    00000002     --HOLE-- [fill = 0]
                  00003944    00000028                                   : memory.c.obj (.text:free_list_insert)
                  0000396c    0000001c                                   : copy_zero_init.c.obj (.text:decompress:ZI:__TI_zero_init_nomemset:__TI_zero_init_nomemset)
                  00003988    0000001c                                   : memory.c.obj (.text:free_list_remove)
                  000039a4    0000001c                                   : memccpy.c.obj (.text:memccpy)
                  000039c0    0000001a                                   : s_copysign.c.obj (.text:copysign)
                  000039da    00000018                                   : vsnprintf.c.obj (.text:_outc)
                  000039f2    00000018     open_interface.obj (.text:oi_parseInt)
                  00003a0a    00000018     rtsv7M4_T_le_v4SPD16_eabi.lib : strcmp.c.obj (.text:strcmp)
                  00003a22    00000016                                   : strchr.c.obj (.text:strchr)
                  00003a38    00000014                                   : strcpy.c.obj (.text:strcpy)
                  00003a4c    00000014                                   : strlen.c.obj (.text:strlen)
                  00003a60    00000012                                   : wcslen.c.obj (.text:wcslen)
                  00003a72    00000010     driverlib.lib : interrupt.obj (.text:IntMasterEnable)
                  00003a82    00000010     lcd.obj (.text:lcd_clear)
                  00003a92    0000000e     rtsv7M4_T_le_v4SPD16_eabi.lib : copy_decompress_none.c.obj (.text:decompress:none:__TI_decompress_none)
                  00003aa0    0000000c     driverlib.lib : cpu.obj (.text:CPUcpsie)
                  00003aac    0000000c     tm4c1233h6pm_startup_ccs.obj (.text)
                  00003ab8    00000008     rtsv7M4_T_le_v4SPD16_eabi.lib : errno.c.obj (.text:__aeabi_errno_addr)
                  00003ac0    00000008                                   : memory.c.obj (.text:malloc)
                  00003ac8    00000004                                   : pre_init.c.obj (.text:_system_pre_init)
                  00003acc    00000004                                   : exit.c.obj (.text:abort:abort)

.const     0    00003ad0    00000126     
                  00003ad0    00000101     rtsv7M4_T_le_v4SPD16_eabi.lib : ctype.c.obj (.const:.string:_ctypes_)
                  00003bd1    0000000f     open_interface.obj (.const:.string:$P$T0$3)
                  00003be0    0000000e     lab2.obj (.const:.string:$P$T0$1)
                  00003bee    00000004     lcd.obj (.const:.string:lineAddress$1)
                  00003bf2    00000004     lcd.obj (.const:.string:lineAddresses$2)

.cinit     0    00003bf8    00000050     
                  00003bf8    00000018     (.cinit..data.load) [load image, compression = lzss]
                  00003c10    0000000c     (__TI_handler_table)
                  00003c1c    00000004     --HOLE-- [fill = 0]
                  00003c20    00000008     (.cinit..bss.load) [load image, compression = zero_init]
                  00003c28    00000008     (.cinit..vtable.load) [load image, compression = zero_init]
                  00003c30    00000018     (__TI_cinit_table)

.init_array 
*          0    00000000    00000000     UNINITIALIZED

.vtable    0    20000000    0000026c     UNINITIALIZED
                  20000000    0000026c     driverlib.lib : interrupt.obj (.vtable)

.stack     0    20000270    00000800     UNINITIALIZED
                  20000270    00000004     rtsv7M4_T_le_v4SPD16_eabi.lib : boot_cortex_m.c.obj (.stack)
                  20000274    000007fc     --HOLE--

.sysmem    0    20000a70    00000400     UNINITIALIZED
                  20000a70    00000010     rtsv7M4_T_le_v4SPD16_eabi.lib : memory.c.obj (.sysmem)
                  20000a80    000003f0     --HOLE--

.bss       0    20000e70    000000a4     UNINITIALIZED
                  20000e70    00000054     lcd.obj (.bss:lastbuffer$3)
                  20000ec4    00000034     (.common:isr_char_buffer)
                  20000ef8    00000018     open_interface.obj (.bss:firmware$2)
                  20000f10    00000004     (.common:_timeout_ticks)

.data      0    20000f14    00000039     UNINITIALIZED
                  20000f14    00000020     open_interface.obj (.data)
                  20000f34    00000008     rtsv7M4_T_le_v4SPD16_eabi.lib : _lock.c.obj (.data:$O1$$)
                  20000f3c    00000008                                   : memory.c.obj (.data:$O1$$)
                  20000f44    00000004     libcybotUART.lib : uart.obj (.data)
                  20000f48    00000004     rtsv7M4_T_le_v4SPD16_eabi.lib : errno.c.obj (.data)
                  20000f4c    00000001     Timer.obj (.data)

__llvm_prf_cnts 
*          0    20000000    00000000     UNINITIALIZED

MODULE SUMMARY

       Module                         code    ro data   rw data
       ------                         ----    -------   -------
    .\
       open_interface.obj             3128    15        56     
       lcd.obj                        824     8         84     
       tm4c1233h6pm_startup_ccs.obj   12      620       0      
       movment.obj                    608     0         0      
       Timer.obj                      584     0         5      
       lab2.obj                       172     14        0      
    +--+------------------------------+-------+---------+---------+
       Total:                         5328    657       145    
                                                               
    ../libcybotUART.lib
       uart.obj                       348     0         56     
    +--+------------------------------+-------+---------+---------+
       Total:                         348     0         56     
                                                               
    C:/ti/TivaWare_C_Series-2.2.0.295/driverlib/ccs/Debug/driverlib.lib
       interrupt.obj                  68      0         620    
       cpu.obj                        12      0         0      
    +--+------------------------------+-------+---------+---------+
       Total:                         80      0         620    
                                                               
    C:\ti\ccs1271\ccs\tools\compiler\ti-cgt-arm_20.2.7.LTS\lib\rtsv7M4_T_le_v4SPD16_eabi.lib
       _printfi.c.obj                 4851    0         0      
       memory.c.obj                   728     0         8      
       fd_add_t2.asm.obj              438     0         0      
       fd_div_t2.asm.obj              310     0         0      
       s_scalbn.c.obj                 272     0         0      
       fd_cmp_t2.asm.obj              268     0         0      
       ctype.c.obj                    0       257       0      
       fd_mul_t2.asm.obj              252     0         0      
       memcpy_t2.asm.obj              156     0         0      
       ull_div_t2.asm.obj             150     0         0      
       vsnprintf.c.obj                136     0         0      
       memset_t2.asm.obj              122     0         0      
       fd_tos_t2.asm.obj              110     0         0      
       copy_decompress_lzss.c.obj     104     0         0      
       s_frexp.c.obj                  100     0         0      
       _ltoa.c.obj                    84      0         0      
       atoi.c.obj                     76      0         0      
       fd_toi_t2.asm.obj              72      0         0      
       autoinit.c.obj                 68      0         0      
       fs_tod_t2.asm.obj              56      0         0      
       boot_cortex_m.c.obj            52      0         0      
       i_tofd_t2.asm.obj              46      0         0      
       copy_zero_init.c.obj           28      0         0      
       memccpy.c.obj                  28      0         0      
       s_copysign.c.obj               26      0         0      
       strcmp.c.obj                   24      0         0      
       strchr.c.obj                   22      0         0      
       strcpy.c.obj                   20      0         0      
       strlen.c.obj                   20      0         0      
       wcslen.c.obj                   18      0         0      
       copy_decompress_none.c.obj     14      0         0      
       errno.c.obj                    8       0         4      
       _lock.c.obj                    2       0         8      
       exit.c.obj                     4       0         0      
       pre_init.c.obj                 4       0         0      
       div0.asm.obj                   2       0         0      
    +--+------------------------------+-------+---------+---------+
       Total:                         8671    257       20     
                                                               
       Heap:                          0       0         1024   
       Stack:                         0       0         2048   
       Linker Generated:              0       76        0      
    +--+------------------------------+-------+---------+---------+
       Grand Total:                   14427   990       3913   


LINKER GENERATED COPY TABLES

__TI_cinit_table @ 00003c30 records: 3, size/record: 8, table size: 24
	.data: load addr=00003bf8, load size=00000018 bytes, run addr=20000f14, run size=00000039 bytes, compression=lzss
	.bss: load addr=00003c20, load size=00000008 bytes, run addr=20000e70, run size=000000a4 bytes, compression=zero_init
	.vtable: load addr=00003c28, load size=00000008 bytes, run addr=20000000, run size=0000026c bytes, compression=zero_init


LINKER GENERATED HANDLER TABLE

__TI_handler_table @ 00003c10 records: 3, size/record: 4, table size: 12
	index: 0, handler: __TI_zero_init
	index: 1, handler: __TI_decompress_lzss
	index: 2, handler: __TI_decompress_none


GLOBAL SYMBOLS: SORTED ALPHABETICALLY BY Name 

address   name                          
-------   ----                          
00003acd  C$$EXIT                       
00003aa1  CPUcpsie                      
00000bc3  GPIOF_Handler                 
00003a73  IntMasterEnable               
0000387d  IntRegister                   
00003aad  ResetISR                      
20000a70  __STACK_END                   
00000800  __STACK_SIZE                  
20000470  __STACK_TOP                   
00000400  __SYSMEM_SIZE                 
00003c30  __TI_CINIT_Base               
00003c48  __TI_CINIT_Limit              
00003c10  __TI_Handler_Table_Base       
00003c1c  __TI_Handler_Table_Limit      
00003749  __TI_auto_init_nobinit_nopinit
000034ed  __TI_decompress_lzss          
00003a93  __TI_decompress_none          
0000360f  __TI_ltoa                     
ffffffff  __TI_pprof_out_hndl           
00000e8d  __TI_printfi                  
ffffffff  __TI_prof_data_size           
ffffffff  __TI_prof_data_start          
00000000  __TI_static_base__            
0000396d  __TI_zero_init_nomemset       
0000321b  __aeabi_cdcmpeq               
0000321b  __aeabi_cdcmple               
000032a1  __aeabi_cdrcmple              
0000347f  __aeabi_d2f                   
00003701  __aeabi_d2iz                  
000024f7  __aeabi_dadd                  
0000293d  __aeabi_ddiv                  
00002da9  __aeabi_dmul                  
000024ed  __aeabi_dsub                  
00003ab9  __aeabi_errno_addr            
00003845  __aeabi_f2d                   
00003915  __aeabi_i2d                   
000026a3  __aeabi_idiv0                 
000026a3  __aeabi_ldiv0                 
00003327  __aeabi_memclr                
00003327  __aeabi_memclr4               
00003327  __aeabi_memclr8               
000030e9  __aeabi_memcpy                
000030e9  __aeabi_memcpy4               
000030e9  __aeabi_memcpy8               
00003329  __aeabi_memset                
00003329  __aeabi_memset4               
00003329  __aeabi_memset8               
00003185  __aeabi_uldivmod              
ffffffff  __binit__                     
ffffffff  __c_args__                    
UNDEFED   __mpu_init                    
20000270  __stack                       
20000000  __start___llvm_prf_cnts       
20000000  __stop___llvm_prf_cnts        
000038b1  _c_int00_noargs               
00003ad0  _ctypes_                      
20000f34  _lock                         
000018db  _nop                          
20000f4c  _running                      
20000a70  _sys_memory                   
UNDEFED   _system_post_cinit            
00003ac9  _system_pre_init              
20000f10  _timeout_ticks                
20000f38  _unlock                       
00003acd  abort                         
00002ca9  aligned_alloc                 
000036b5  atoi                          
ffffffff  binit                         
00002077  bump                          
0000380d  calloc                        
000039c1  copysign                      
000039c1  copysignl                     
000027ad  cyBot_UART1_Handler           
00002793  cyBot_getByte                 
000026a5  cyBot_sendByte                
00002775  cyBot_uart_flush              
000026e3  cyBot_uart_init               
000026cb  cyBot_uart_sendBuffer         
000026b1  cyBot_uart_sendStr            
20000f48  errno                         
00002ea5  free                          
00003555  frexp                         
00003555  frexpl                        
20000000  g_pfnRAMVectors               
00000000  g_pfnVectors                  
0000097f  go_charge                     
20000ec4  isr_char_buffer               
20000f44  isr_counter                   
00003a83  lcd_clear                     
00001ab1  lcd_gotoLine                  
00001919  lcd_init                      
00001b17  lcd_printf                    
000019d9  lcd_putc                      
00001a11  lcd_puts                      
000018dd  lcd_reverseNibble             
00001a2f  lcd_sendCommand               
00001a6d  lcd_sendNibble                
00001ad9  lcd_setCursorPos              
00002b99  ldexp                         
00002b99  ldexpl                        
0000303d  main                          
00003ac1  malloc                        
00002ca9  memalign                      
000039a5  memccpy                       
000030e9  memcpy                        
0000332f  memset                        
20000f14  motor_cal_factor_L            
20000f18  motor_cal_factor_R            
00001ed1  move_backward                 
00001e75  move_forward                  
00001feb  move_forward2                 
0000026d  oi_alloc                      
00000aa9  oi_checkFirmware              
000002c7  oi_close                      
00000279  oi_free                       
00000ded  oi_getMotorCalibrationLeft    
00000e01  oi_getMotorCalibrationRight   
000002b1  oi_init                       
00000289  oi_init_noupdate              
00000915  oi_loadSong                   
000039f3  oi_parseInt                   
0000032b  oi_parsePacket                
0000096b  oi_play_song                  
0000084b  oi_setLeds                    
00000db1  oi_setMotorCalibration        
0000088f  oi_setWheels                  
00000b51  oi_shutoff_init               
0000098d  oi_uartInit                   
00000a31  oi_uartReceive                
00000a77  oi_uartSendBuff               
00000a15  oi_uartSendChar               
00000a59  oi_uartSendStr                
000002d9  oi_update                     
00002b99  scalbn                        
00002b99  scalbnl                       
00003a23  strchr                        
00003a0b  strcmp                        
00003a39  strcpy                        
00003a4d  strlen                        
000021f3  timer_getMicros               
0000219b  timer_getMillis               
000020d5  timer_init                    
00002177  timer_pause                   
00002189  timer_resume                  
0000214d  timer_stop                    
0000224d  timer_waitMicros              
0000227f  timer_waitMillis              
00001f2b  turn_clockwise                
00001f83  turn_counterclockwise         
0000378d  vsnprintf                     
00003a61  wcslen                        


GLOBAL SYMBOLS: SORTED BY Symbol Address 

address   name                          
-------   ----                          
00000000  __TI_static_base__            
00000000  g_pfnVectors                  
0000026d  oi_alloc                      
00000279  oi_free                       
00000289  oi_init_noupdate              
000002b1  oi_init                       
000002c7  oi_close                      
000002d9  oi_update                     
0000032b  oi_parsePacket                
00000400  __SYSMEM_SIZE                 
00000800  __STACK_SIZE                  
0000084b  oi_setLeds                    
0000088f  oi_setWheels                  
00000915  oi_loadSong                   
0000096b  oi_play_song                  
0000097f  go_charge                     
0000098d  oi_uartInit                   
00000a15  oi_uartSendChar               
00000a31  oi_uartReceive                
00000a59  oi_uartSendStr                
00000a77  oi_uartSendBuff               
00000aa9  oi_checkFirmware              
00000b51  oi_shutoff_init               
00000bc3  GPIOF_Handler                 
00000db1  oi_setMotorCalibration        
00000ded  oi_getMotorCalibrationLeft    
00000e01  oi_getMotorCalibrationRight   
00000e8d  __TI_printfi                  
000018db  _nop                          
000018dd  lcd_reverseNibble             
00001919  lcd_init                      
000019d9  lcd_putc                      
00001a11  lcd_puts                      
00001a2f  lcd_sendCommand               
00001a6d  lcd_sendNibble                
00001ab1  lcd_gotoLine                  
00001ad9  lcd_setCursorPos              
00001b17  lcd_printf                    
00001e75  move_forward                  
00001ed1  move_backward                 
00001f2b  turn_clockwise                
00001f83  turn_counterclockwise         
00001feb  move_forward2                 
00002077  bump                          
000020d5  timer_init                    
0000214d  timer_stop                    
00002177  timer_pause                   
00002189  timer_resume                  
0000219b  timer_getMillis               
000021f3  timer_getMicros               
0000224d  timer_waitMicros              
0000227f  timer_waitMillis              
000024ed  __aeabi_dsub                  
000024f7  __aeabi_dadd                  
000026a3  __aeabi_idiv0                 
000026a3  __aeabi_ldiv0                 
000026a5  cyBot_sendByte                
000026b1  cyBot_uart_sendStr            
000026cb  cyBot_uart_sendBuffer         
000026e3  cyBot_uart_init               
00002775  cyBot_uart_flush              
00002793  cyBot_getByte                 
000027ad  cyBot_UART1_Handler           
0000293d  __aeabi_ddiv                  
00002b99  ldexp                         
00002b99  ldexpl                        
00002b99  scalbn                        
00002b99  scalbnl                       
00002ca9  aligned_alloc                 
00002ca9  memalign                      
00002da9  __aeabi_dmul                  
00002ea5  free                          
0000303d  main                          
000030e9  __aeabi_memcpy                
000030e9  __aeabi_memcpy4               
000030e9  __aeabi_memcpy8               
000030e9  memcpy                        
00003185  __aeabi_uldivmod              
0000321b  __aeabi_cdcmpeq               
0000321b  __aeabi_cdcmple               
000032a1  __aeabi_cdrcmple              
00003327  __aeabi_memclr                
00003327  __aeabi_memclr4               
00003327  __aeabi_memclr8               
00003329  __aeabi_memset                
00003329  __aeabi_memset4               
00003329  __aeabi_memset8               
0000332f  memset                        
0000347f  __aeabi_d2f                   
000034ed  __TI_decompress_lzss          
00003555  frexp                         
00003555  frexpl                        
0000360f  __TI_ltoa                     
000036b5  atoi                          
00003701  __aeabi_d2iz                  
00003749  __TI_auto_init_nobinit_nopinit
0000378d  vsnprintf                     
0000380d  calloc                        
00003845  __aeabi_f2d                   
0000387d  IntRegister                   
000038b1  _c_int00_noargs               
00003915  __aeabi_i2d                   
0000396d  __TI_zero_init_nomemset       
000039a5  memccpy                       
000039c1  copysign                      
000039c1  copysignl                     
000039f3  oi_parseInt                   
00003a0b  strcmp                        
00003a23  strchr                        
00003a39  strcpy                        
00003a4d  strlen                        
00003a61  wcslen                        
00003a73  IntMasterEnable               
00003a83  lcd_clear                     
00003a93  __TI_decompress_none          
00003aa1  CPUcpsie                      
00003aad  ResetISR                      
00003ab9  __aeabi_errno_addr            
00003ac1  malloc                        
00003ac9  _system_pre_init              
00003acd  C$$EXIT                       
00003acd  abort                         
00003ad0  _ctypes_                      
00003c10  __TI_Handler_Table_Base       
00003c1c  __TI_Handler_Table_Limit      
00003c30  __TI_CINIT_Base               
00003c48  __TI_CINIT_Limit              
20000000  __start___llvm_prf_cnts       
20000000  __stop___llvm_prf_cnts        
20000000  g_pfnRAMVectors               
20000270  __stack                       
20000470  __STACK_TOP                   
20000a70  __STACK_END                   
20000a70  _sys_memory                   
20000ec4  isr_char_buffer               
20000f10  _timeout_ticks                
20000f14  motor_cal_factor_L            
20000f18  motor_cal_factor_R            
20000f34  _lock                         
20000f38  _unlock                       
20000f44  isr_counter                   
20000f48  errno                         
20000f4c  _running                      
ffffffff  __TI_pprof_out_hndl           
ffffffff  __TI_prof_data_size           
ffffffff  __TI_prof_data_start          
ffffffff  __binit__                     
ffffffff  __c_args__                    
ffffffff  binit                         
UNDEFED   __mpu_init                    
UNDEFED   _system_post_cinit            

[151 symbols]
